 
****************************************
check_design summary:
Version:     L-2016.03-SP1
Date:        Sun Jul 12 12:34:07 2026
****************************************

                   Name                                            Total
--------------------------------------------------------------------------------
Cells                                                              36
    Cells do not drive (LINT-1)                                     3
    Connected to power or ground (LINT-32)                         32
    Nets connected to multiple pins on same cell (LINT-33)          1
--------------------------------------------------------------------------------

Warning: In design 'softmax_reduction', cell 'C4169' does not drive any nets. (LINT-1)
Warning: In design 'softmax_reduction', cell 'C4226' does not drive any nets. (LINT-1)
Warning: In design 'fp32_exp_wrapper_1_1', cell 'C128' does not drive any nets. (LINT-1)
Warning: In design 'softmax_reduction', a pin on submodule 'u_scale_old_sum' is connected to logic 1 or logic 0. (LINT-32)
   Pin 'in_c[31]' is connected to logic 0. 
Warning: In design 'softmax_reduction', a pin on submodule 'u_scale_old_sum' is connected to logic 1 or logic 0. (LINT-32)
   Pin 'in_c[30]' is connected to logic 0. 
Warning: In design 'softmax_reduction', a pin on submodule 'u_scale_old_sum' is connected to logic 1 or logic 0. (LINT-32)
   Pin 'in_c[29]' is connected to logic 0. 
Warning: In design 'softmax_reduction', a pin on submodule 'u_scale_old_sum' is connected to logic 1 or logic 0. (LINT-32)
   Pin 'in_c[28]' is connected to logic 0. 
Warning: In design 'softmax_reduction', a pin on submodule 'u_scale_old_sum' is connected to logic 1 or logic 0. (LINT-32)
   Pin 'in_c[27]' is connected to logic 0. 
Warning: In design 'softmax_reduction', a pin on submodule 'u_scale_old_sum' is connected to logic 1 or logic 0. (LINT-32)
   Pin 'in_c[26]' is connected to logic 0. 
Warning: In design 'softmax_reduction', a pin on submodule 'u_scale_old_sum' is connected to logic 1 or logic 0. (LINT-32)
   Pin 'in_c[25]' is connected to logic 0. 
Warning: In design 'softmax_reduction', a pin on submodule 'u_scale_old_sum' is connected to logic 1 or logic 0. (LINT-32)
   Pin 'in_c[24]' is connected to logic 0. 
Warning: In design 'softmax_reduction', a pin on submodule 'u_scale_old_sum' is connected to logic 1 or logic 0. (LINT-32)
   Pin 'in_c[23]' is connected to logic 0. 
Warning: In design 'softmax_reduction', a pin on submodule 'u_scale_old_sum' is connected to logic 1 or logic 0. (LINT-32)
   Pin 'in_c[22]' is connected to logic 0. 
Warning: In design 'softmax_reduction', a pin on submodule 'u_scale_old_sum' is connected to logic 1 or logic 0. (LINT-32)
   Pin 'in_c[21]' is connected to logic 0. 
Warning: In design 'softmax_reduction', a pin on submodule 'u_scale_old_sum' is connected to logic 1 or logic 0. (LINT-32)
   Pin 'in_c[20]' is connected to logic 0. 
Warning: In design 'softmax_reduction', a pin on submodule 'u_scale_old_sum' is connected to logic 1 or logic 0. (LINT-32)
   Pin 'in_c[19]' is connected to logic 0. 
Warning: In design 'softmax_reduction', a pin on submodule 'u_scale_old_sum' is connected to logic 1 or logic 0. (LINT-32)
   Pin 'in_c[18]' is connected to logic 0. 
Warning: In design 'softmax_reduction', a pin on submodule 'u_scale_old_sum' is connected to logic 1 or logic 0. (LINT-32)
   Pin 'in_c[17]' is connected to logic 0. 
Warning: In design 'softmax_reduction', a pin on submodule 'u_scale_old_sum' is connected to logic 1 or logic 0. (LINT-32)
   Pin 'in_c[16]' is connected to logic 0. 
Warning: In design 'softmax_reduction', a pin on submodule 'u_scale_old_sum' is connected to logic 1 or logic 0. (LINT-32)
   Pin 'in_c[15]' is connected to logic 0. 
Warning: In design 'softmax_reduction', a pin on submodule 'u_scale_old_sum' is connected to logic 1 or logic 0. (LINT-32)
   Pin 'in_c[14]' is connected to logic 0. 
Warning: In design 'softmax_reduction', a pin on submodule 'u_scale_old_sum' is connected to logic 1 or logic 0. (LINT-32)
   Pin 'in_c[13]' is connected to logic 0. 
Warning: In design 'softmax_reduction', a pin on submodule 'u_scale_old_sum' is connected to logic 1 or logic 0. (LINT-32)
   Pin 'in_c[12]' is connected to logic 0. 
Warning: In design 'softmax_reduction', a pin on submodule 'u_scale_old_sum' is connected to logic 1 or logic 0. (LINT-32)
   Pin 'in_c[11]' is connected to logic 0. 
Warning: In design 'softmax_reduction', a pin on submodule 'u_scale_old_sum' is connected to logic 1 or logic 0. (LINT-32)
   Pin 'in_c[10]' is connected to logic 0. 
Warning: In design 'softmax_reduction', a pin on submodule 'u_scale_old_sum' is connected to logic 1 or logic 0. (LINT-32)
   Pin 'in_c[9]' is connected to logic 0. 
Warning: In design 'softmax_reduction', a pin on submodule 'u_scale_old_sum' is connected to logic 1 or logic 0. (LINT-32)
   Pin 'in_c[8]' is connected to logic 0. 
Warning: In design 'softmax_reduction', a pin on submodule 'u_scale_old_sum' is connected to logic 1 or logic 0. (LINT-32)
   Pin 'in_c[7]' is connected to logic 0. 
Warning: In design 'softmax_reduction', a pin on submodule 'u_scale_old_sum' is connected to logic 1 or logic 0. (LINT-32)
   Pin 'in_c[6]' is connected to logic 0. 
Warning: In design 'softmax_reduction', a pin on submodule 'u_scale_old_sum' is connected to logic 1 or logic 0. (LINT-32)
   Pin 'in_c[5]' is connected to logic 0. 
Warning: In design 'softmax_reduction', a pin on submodule 'u_scale_old_sum' is connected to logic 1 or logic 0. (LINT-32)
   Pin 'in_c[4]' is connected to logic 0. 
Warning: In design 'softmax_reduction', a pin on submodule 'u_scale_old_sum' is connected to logic 1 or logic 0. (LINT-32)
   Pin 'in_c[3]' is connected to logic 0. 
Warning: In design 'softmax_reduction', a pin on submodule 'u_scale_old_sum' is connected to logic 1 or logic 0. (LINT-32)
   Pin 'in_c[2]' is connected to logic 0. 
Warning: In design 'softmax_reduction', a pin on submodule 'u_scale_old_sum' is connected to logic 1 or logic 0. (LINT-32)
   Pin 'in_c[1]' is connected to logic 0. 
Warning: In design 'softmax_reduction', a pin on submodule 'u_scale_old_sum' is connected to logic 1 or logic 0. (LINT-32)
   Pin 'in_c[0]' is connected to logic 0. 
Warning: In design 'softmax_reduction', the same net is connected to more than one pin on submodule 'u_scale_old_sum'. (LINT-33)
   Net '*Logic0*' is connected to pins 'in_c[31]', 'in_c[30]'', 'in_c[29]', 'in_c[28]', 'in_c[27]', 'in_c[26]', 'in_c[25]', 'in_c[24]', 'in_c[23]', 'in_c[22]', 'in_c[21]', 'in_c[20]', 'in_c[19]', 'in_c[18]', 'in_c[17]', 'in_c[16]', 'in_c[15]', 'in_c[14]', 'in_c[13]', 'in_c[12]', 'in_c[11]', 'in_c[10]', 'in_c[9]', 'in_c[8]', 'in_c[7]', 'in_c[6]', 'in_c[5]', 'in_c[4]', 'in_c[3]', 'in_c[2]', 'in_c[1]', 'in_c[0]'.
1
