 
****************************************
check_design summary:
Version:     L-2016.03-SP1
Date:        Sun Jul 12 12:37:13 2026
****************************************

                   Name                                            Total
--------------------------------------------------------------------------------
Cells                                                               1
    Cells do not drive (LINT-1)                                     1

Nets                                                                2
    Unloaded nets (LINT-2)                                          2
--------------------------------------------------------------------------------

Warning: In design 'fp32_reduction_tree', cell 'C3481' does not drive any nets. (LINT-1)
Warning: In design 'fp32_reduction_tree', net 'add_out_last' driven by pin 'u_add/out_last' has no loads. (LINT-2)
Warning: In design 'fp32_reduction_tree', net 'add_out_meta[0]' driven by pin 'u_add/out_meta[0]' has no loads. (LINT-2)
1
