
****************************************
check_design summary:
Version:     L-2016.03-SP1
Date:        Thu Jul 16 00:17:10 2026
****************************************

                   Name                                            Total
--------------------------------------------------------------------------------
Cells                                                               9
    Cells do not drive (LINT-1)                                     9
--------------------------------------------------------------------------------

Warning: In design 'multi_head_kv_cache_manager_N_HEAD4_D_HEAD8_MAX_SEQ_LEN8', cell 'C84329' does not drive any nets. (LINT-1)
Warning: In design 'multi_head_kv_cache_manager_N_HEAD4_D_HEAD8_MAX_SEQ_LEN8', cell 'C84351' does not drive any nets. (LINT-1)
Warning: In design 'multi_head_kv_cache_manager_N_HEAD4_D_HEAD8_MAX_SEQ_LEN8', cell 'C84356' does not drive any nets. (LINT-1)
Warning: In design 'multi_head_kv_cache_manager_N_HEAD4_D_HEAD8_MAX_SEQ_LEN8', cell 'C84383' does not drive any nets. (LINT-1)
Warning: In design 'multi_head_kv_cache_manager_N_HEAD4_D_HEAD8_MAX_SEQ_LEN8', cell 'C84384' does not drive any nets. (LINT-1)
Warning: In design 'multi_head_kv_cache_manager_N_HEAD4_D_HEAD8_MAX_SEQ_LEN8', cell 'C84396' does not drive any nets. (LINT-1)
Warning: In design 'multi_head_kv_cache_manager_N_HEAD4_D_HEAD8_MAX_SEQ_LEN8', cell 'C85152' does not drive any nets. (LINT-1)
Warning: In design 'multi_head_kv_cache_manager_N_HEAD4_D_HEAD8_MAX_SEQ_LEN8', cell 'C85154' does not drive any nets. (LINT-1)
Warning: In design 'multi_head_kv_cache_manager_N_HEAD4_D_HEAD8_MAX_SEQ_LEN8', cell 'C85167' does not drive any nets. (LINT-1)
1
