 
****************************************
check_design summary:
Version:     L-2016.03-SP1
Date:        Wed Jul 15 16:48:06 2026
****************************************

                   Name                                            Total
--------------------------------------------------------------------------------
Inputs/Outputs                                                      4
    Feedthrough (LINT-29)                                           3
    Constant outputs (LINT-52)                                      1
--------------------------------------------------------------------------------

Warning: In design 'qkv_staging_buffer_N_HEAD1_D_HEAD8', input port 'read_index[2]' is connected directly to output port 'read_dim[2]'. (LINT-29)
Warning: In design 'qkv_staging_buffer_N_HEAD1_D_HEAD8', input port 'read_index[1]' is connected directly to output port 'read_dim[1]'. (LINT-29)
Warning: In design 'qkv_staging_buffer_N_HEAD1_D_HEAD8', input port 'read_index[0]' is connected directly to output port 'read_dim[0]'. (LINT-29)
Warning: In design 'qkv_staging_buffer_N_HEAD1_D_HEAD8', output port 'read_head[0]' is connected directly to 'logic 0'. (LINT-52)
1
