
****************************************
check_design summary:
Version:     L-2016.03-SP1
Date:        Mon Jul 13 14:16:39 2026
****************************************

                   Name                                            Total
--------------------------------------------------------------------------------
Inputs/Outputs                                                     16
    Unconnected ports (LINT-28)                                    16

Cells                                                              59
    Cells do not drive (LINT-1)                                     6
    Connected to power or ground (LINT-32)                         50
    Nets connected to multiple pins on same cell (LINT-33)          3

Nets                                                                3
    Unloaded nets (LINT-2)                                          3
--------------------------------------------------------------------------------

Warning: In design 'rmsnorm_engine_D_MODEL16_META_W16_COUNTER_W64', cell 'C13384' does not drive any nets. (LINT-1)
Warning: In design 'rmsnorm_engine_D_MODEL16_META_W16_COUNTER_W64', cell 'C13462' does not drive any nets. (LINT-1)
Warning: In design 'rmsnorm_engine_D_MODEL16_META_W16_COUNTER_W64', cell 'C13470' does not drive any nets. (LINT-1)
Warning: In design 'rmsnorm_engine_D_MODEL16_META_W16_COUNTER_W64', cell 'C13478' does not drive any nets. (LINT-1)
Warning: In design 'rmsnorm_engine_D_MODEL16_META_W16_COUNTER_W64', cell 'C13487' does not drive any nets. (LINT-1)
Warning: In design 'rmsnorm_engine_D_MODEL16_META_W16_COUNTER_W64', cell 'C13494' does not drive any nets. (LINT-1)
Warning: In design 'rmsnorm_engine_D_MODEL16_META_W16_COUNTER_W64', net 'quant_out_inexact' driven by pin 'u_quant/out_inexact' has no loads. (LINT-2)
Warning: In design 'rmsnorm_engine_D_MODEL16_META_W16_COUNTER_W64', net 'quant_out_underflow_or_ftz' driven by pin 'u_quant/out_underflow_or_ftz' has no loads. (LINT-2)
Warning: In design 'rmsnorm_engine_D_MODEL16_META_W16_COUNTER_W64', net 'quant_out_overflow' driven by pin 'u_quant/out_overflow' has no loads. (LINT-2)
Warning: In design 'rmsnorm_engine_D_MODEL16_META_W16_COUNTER_W64', port 'input_meta[15]' is not connected to any nets. (LINT-28)
Warning: In design 'rmsnorm_engine_D_MODEL16_META_W16_COUNTER_W64', port 'input_meta[14]' is not connected to any nets. (LINT-28)
Warning: In design 'rmsnorm_engine_D_MODEL16_META_W16_COUNTER_W64', port 'input_meta[13]' is not connected to any nets. (LINT-28)
Warning: In design 'rmsnorm_engine_D_MODEL16_META_W16_COUNTER_W64', port 'input_meta[12]' is not connected to any nets. (LINT-28)
Warning: In design 'rmsnorm_engine_D_MODEL16_META_W16_COUNTER_W64', port 'input_meta[11]' is not connected to any nets. (LINT-28)
Warning: In design 'rmsnorm_engine_D_MODEL16_META_W16_COUNTER_W64', port 'input_meta[10]' is not connected to any nets. (LINT-28)
Warning: In design 'rmsnorm_engine_D_MODEL16_META_W16_COUNTER_W64', port 'input_meta[9]' is not connected to any nets. (LINT-28)
Warning: In design 'rmsnorm_engine_D_MODEL16_META_W16_COUNTER_W64', port 'input_meta[8]' is not connected to any nets. (LINT-28)
Warning: In design 'rmsnorm_engine_D_MODEL16_META_W16_COUNTER_W64', port 'input_meta[7]' is not connected to any nets. (LINT-28)
Warning: In design 'rmsnorm_engine_D_MODEL16_META_W16_COUNTER_W64', port 'input_meta[6]' is not connected to any nets. (LINT-28)
Warning: In design 'rmsnorm_engine_D_MODEL16_META_W16_COUNTER_W64', port 'input_meta[5]' is not connected to any nets. (LINT-28)
Warning: In design 'rmsnorm_engine_D_MODEL16_META_W16_COUNTER_W64', port 'input_meta[4]' is not connected to any nets. (LINT-28)
Warning: In design 'rmsnorm_engine_D_MODEL16_META_W16_COUNTER_W64', port 'input_meta[3]' is not connected to any nets. (LINT-28)
Warning: In design 'rmsnorm_engine_D_MODEL16_META_W16_COUNTER_W64', port 'input_meta[2]' is not connected to any nets. (LINT-28)
Warning: In design 'rmsnorm_engine_D_MODEL16_META_W16_COUNTER_W64', port 'input_meta[1]' is not connected to any nets. (LINT-28)
Warning: In design 'rmsnorm_engine_D_MODEL16_META_W16_COUNTER_W64', port 'input_meta[0]' is not connected to any nets. (LINT-28)
Warning: In design 'rmsnorm_engine_D_MODEL16_META_W16_COUNTER_W64', a pin on submodule 'u_mac' is connected to logic 1 or logic 0. (LINT-32)
   Pin 'in_last' is connected to logic 0.
Warning: In design 'rmsnorm_engine_D_MODEL16_META_W16_COUNTER_W64', a pin on submodule 'u_add_eps' is connected to logic 1 or logic 0. (LINT-32)
   Pin 'in_b[31]' is connected to logic 0.
Warning: In design 'rmsnorm_engine_D_MODEL16_META_W16_COUNTER_W64', a pin on submodule 'u_add_eps' is connected to logic 1 or logic 0. (LINT-32)
   Pin 'in_b[30]' is connected to logic 0.
Warning: In design 'rmsnorm_engine_D_MODEL16_META_W16_COUNTER_W64', a pin on submodule 'u_add_eps' is connected to logic 1 or logic 0. (LINT-32)
   Pin 'in_b[29]' is connected to logic 1.
Warning: In design 'rmsnorm_engine_D_MODEL16_META_W16_COUNTER_W64', a pin on submodule 'u_add_eps' is connected to logic 1 or logic 0. (LINT-32)
   Pin 'in_b[28]' is connected to logic 1.
Warning: In design 'rmsnorm_engine_D_MODEL16_META_W16_COUNTER_W64', a pin on submodule 'u_add_eps' is connected to logic 1 or logic 0. (LINT-32)
   Pin 'in_b[27]' is connected to logic 0.
Warning: In design 'rmsnorm_engine_D_MODEL16_META_W16_COUNTER_W64', a pin on submodule 'u_add_eps' is connected to logic 1 or logic 0. (LINT-32)
   Pin 'in_b[26]' is connected to logic 1.
Warning: In design 'rmsnorm_engine_D_MODEL16_META_W16_COUNTER_W64', a pin on submodule 'u_add_eps' is connected to logic 1 or logic 0. (LINT-32)
   Pin 'in_b[25]' is connected to logic 1.
Warning: In design 'rmsnorm_engine_D_MODEL16_META_W16_COUNTER_W64', a pin on submodule 'u_add_eps' is connected to logic 1 or logic 0. (LINT-32)
   Pin 'in_b[24]' is connected to logic 1.
Warning: In design 'rmsnorm_engine_D_MODEL16_META_W16_COUNTER_W64', a pin on submodule 'u_add_eps' is connected to logic 1 or logic 0. (LINT-32)
   Pin 'in_b[23]' is connected to logic 0.
Warning: In design 'rmsnorm_engine_D_MODEL16_META_W16_COUNTER_W64', a pin on submodule 'u_add_eps' is connected to logic 1 or logic 0. (LINT-32)
   Pin 'in_b[22]' is connected to logic 0.
Warning: In design 'rmsnorm_engine_D_MODEL16_META_W16_COUNTER_W64', a pin on submodule 'u_add_eps' is connected to logic 1 or logic 0. (LINT-32)
   Pin 'in_b[21]' is connected to logic 1.
Warning: In design 'rmsnorm_engine_D_MODEL16_META_W16_COUNTER_W64', a pin on submodule 'u_add_eps' is connected to logic 1 or logic 0. (LINT-32)
   Pin 'in_b[20]' is connected to logic 0.
Warning: In design 'rmsnorm_engine_D_MODEL16_META_W16_COUNTER_W64', a pin on submodule 'u_add_eps' is connected to logic 1 or logic 0. (LINT-32)
   Pin 'in_b[19]' is connected to logic 0.
Warning: In design 'rmsnorm_engine_D_MODEL16_META_W16_COUNTER_W64', a pin on submodule 'u_add_eps' is connected to logic 1 or logic 0. (LINT-32)
   Pin 'in_b[18]' is connected to logic 1.
Warning: In design 'rmsnorm_engine_D_MODEL16_META_W16_COUNTER_W64', a pin on submodule 'u_add_eps' is connected to logic 1 or logic 0. (LINT-32)
   Pin 'in_b[17]' is connected to logic 1.
Warning: In design 'rmsnorm_engine_D_MODEL16_META_W16_COUNTER_W64', a pin on submodule 'u_add_eps' is connected to logic 1 or logic 0. (LINT-32)
   Pin 'in_b[16]' is connected to logic 1.
Warning: In design 'rmsnorm_engine_D_MODEL16_META_W16_COUNTER_W64', a pin on submodule 'u_add_eps' is connected to logic 1 or logic 0. (LINT-32)
   Pin 'in_b[15]' is connected to logic 1.
Warning: In design 'rmsnorm_engine_D_MODEL16_META_W16_COUNTER_W64', a pin on submodule 'u_add_eps' is connected to logic 1 or logic 0. (LINT-32)
   Pin 'in_b[14]' is connected to logic 1.
Warning: In design 'rmsnorm_engine_D_MODEL16_META_W16_COUNTER_W64', a pin on submodule 'u_add_eps' is connected to logic 1 or logic 0. (LINT-32)
   Pin 'in_b[13]' is connected to logic 0.
Warning: In design 'rmsnorm_engine_D_MODEL16_META_W16_COUNTER_W64', a pin on submodule 'u_add_eps' is connected to logic 1 or logic 0. (LINT-32)
   Pin 'in_b[12]' is connected to logic 0.
Warning: In design 'rmsnorm_engine_D_MODEL16_META_W16_COUNTER_W64', a pin on submodule 'u_add_eps' is connected to logic 1 or logic 0. (LINT-32)
   Pin 'in_b[11]' is connected to logic 0.
Warning: In design 'rmsnorm_engine_D_MODEL16_META_W16_COUNTER_W64', a pin on submodule 'u_add_eps' is connected to logic 1 or logic 0. (LINT-32)
   Pin 'in_b[10]' is connected to logic 1.
Warning: In design 'rmsnorm_engine_D_MODEL16_META_W16_COUNTER_W64', a pin on submodule 'u_add_eps' is connected to logic 1 or logic 0. (LINT-32)
   Pin 'in_b[9]' is connected to logic 0.
Warning: In design 'rmsnorm_engine_D_MODEL16_META_W16_COUNTER_W64', a pin on submodule 'u_add_eps' is connected to logic 1 or logic 0. (LINT-32)
   Pin 'in_b[8]' is connected to logic 1.
Warning: In design 'rmsnorm_engine_D_MODEL16_META_W16_COUNTER_W64', a pin on submodule 'u_add_eps' is connected to logic 1 or logic 0. (LINT-32)
   Pin 'in_b[7]' is connected to logic 1.
Warning: In design 'rmsnorm_engine_D_MODEL16_META_W16_COUNTER_W64', a pin on submodule 'u_add_eps' is connected to logic 1 or logic 0. (LINT-32)
   Pin 'in_b[6]' is connected to logic 0.
Warning: In design 'rmsnorm_engine_D_MODEL16_META_W16_COUNTER_W64', a pin on submodule 'u_add_eps' is connected to logic 1 or logic 0. (LINT-32)
   Pin 'in_b[5]' is connected to logic 1.
Warning: In design 'rmsnorm_engine_D_MODEL16_META_W16_COUNTER_W64', a pin on submodule 'u_add_eps' is connected to logic 1 or logic 0. (LINT-32)
   Pin 'in_b[4]' is connected to logic 0.
Warning: In design 'rmsnorm_engine_D_MODEL16_META_W16_COUNTER_W64', a pin on submodule 'u_add_eps' is connected to logic 1 or logic 0. (LINT-32)
   Pin 'in_b[3]' is connected to logic 1.
Warning: In design 'rmsnorm_engine_D_MODEL16_META_W16_COUNTER_W64', a pin on submodule 'u_add_eps' is connected to logic 1 or logic 0. (LINT-32)
   Pin 'in_b[2]' is connected to logic 1.
Warning: In design 'rmsnorm_engine_D_MODEL16_META_W16_COUNTER_W64', a pin on submodule 'u_add_eps' is connected to logic 1 or logic 0. (LINT-32)
   Pin 'in_b[1]' is connected to logic 0.
Warning: In design 'rmsnorm_engine_D_MODEL16_META_W16_COUNTER_W64', a pin on submodule 'u_add_eps' is connected to logic 1 or logic 0. (LINT-32)
   Pin 'in_b[0]' is connected to logic 0.
Warning: In design 'rmsnorm_engine_D_MODEL16_META_W16_COUNTER_W64', a pin on submodule 'u_add_eps' is connected to logic 1 or logic 0. (LINT-32)
   Pin 'in_last' is connected to logic 0.
Warning: In design 'rmsnorm_engine_D_MODEL16_META_W16_COUNTER_W64', a pin on submodule 'u_sqrt' is connected to logic 1 or logic 0. (LINT-32)
   Pin 'in_last' is connected to logic 0.
Warning: In design 'rmsnorm_engine_D_MODEL16_META_W16_COUNTER_W64', a pin on submodule 'u_recip' is connected to logic 1 or logic 0. (LINT-32)
   Pin 'in_last' is connected to logic 0.
Warning: In design 'rmsnorm_engine_D_MODEL16_META_W16_COUNTER_W64', a pin on submodule 'u_gamma_convert' is connected to logic 1 or logic 0. (LINT-32)
   Pin 'in_last' is connected to logic 0.
Warning: In design 'fp16_to_fp32_16_1', a pin on submodule 'u_output_reg' is connected to logic 1 or logic 0. (LINT-32)
   Pin 'in_data[12]' is connected to logic 0.
Warning: In design 'fp16_to_fp32_16_1', a pin on submodule 'u_output_reg' is connected to logic 1 or logic 0. (LINT-32)
   Pin 'in_data[11]' is connected to logic 0.
Warning: In design 'fp16_to_fp32_16_1', a pin on submodule 'u_output_reg' is connected to logic 1 or logic 0. (LINT-32)
   Pin 'in_data[10]' is connected to logic 0.
Warning: In design 'fp16_to_fp32_16_1', a pin on submodule 'u_output_reg' is connected to logic 1 or logic 0. (LINT-32)
   Pin 'in_data[9]' is connected to logic 0.
Warning: In design 'fp16_to_fp32_16_1', a pin on submodule 'u_output_reg' is connected to logic 1 or logic 0. (LINT-32)
   Pin 'in_data[8]' is connected to logic 0.
Warning: In design 'fp16_to_fp32_16_1', a pin on submodule 'u_output_reg' is connected to logic 1 or logic 0. (LINT-32)
   Pin 'in_data[7]' is connected to logic 0.
Warning: In design 'fp16_to_fp32_16_1', a pin on submodule 'u_output_reg' is connected to logic 1 or logic 0. (LINT-32)
   Pin 'in_data[6]' is connected to logic 0.
Warning: In design 'fp16_to_fp32_16_1', a pin on submodule 'u_output_reg' is connected to logic 1 or logic 0. (LINT-32)
   Pin 'in_data[5]' is connected to logic 0.
Warning: In design 'fp16_to_fp32_16_1', a pin on submodule 'u_output_reg' is connected to logic 1 or logic 0. (LINT-32)
   Pin 'in_data[4]' is connected to logic 0.
Warning: In design 'fp16_to_fp32_16_1', a pin on submodule 'u_output_reg' is connected to logic 1 or logic 0. (LINT-32)
   Pin 'in_data[3]' is connected to logic 0.
Warning: In design 'fp16_to_fp32_16_1', a pin on submodule 'u_output_reg' is connected to logic 1 or logic 0. (LINT-32)
   Pin 'in_data[2]' is connected to logic 0.
Warning: In design 'fp16_to_fp32_16_1', a pin on submodule 'u_output_reg' is connected to logic 1 or logic 0. (LINT-32)
   Pin 'in_data[1]' is connected to logic 0.
Warning: In design 'fp16_to_fp32_16_1', a pin on submodule 'u_output_reg' is connected to logic 1 or logic 0. (LINT-32)
   Pin 'in_data[0]' is connected to logic 0.
Warning: In design 'rmsnorm_engine_D_MODEL16_META_W16_COUNTER_W64', the same net is connected to more than one pin on submodule 'u_add_eps'. (LINT-33)
   Net '*Logic0*' is connected to pins 'in_b[31]', 'in_b[30]'', 'in_b[27]', 'in_b[23]', 'in_b[22]', 'in_b[20]', 'in_b[19]', 'in_b[13]', 'in_b[12]', 'in_b[11]', 'in_b[9]', 'in_b[6]', 'in_b[4]', 'in_b[1]', 'in_b[0]', 'in_last'.
Warning: In design 'rmsnorm_engine_D_MODEL16_META_W16_COUNTER_W64', the same net is connected to more than one pin on submodule 'u_add_eps'. (LINT-33)
   Net '*Logic1*' is connected to pins 'in_b[29]', 'in_b[28]'', 'in_b[26]', 'in_b[25]', 'in_b[24]', 'in_b[21]', 'in_b[18]', 'in_b[17]', 'in_b[16]', 'in_b[15]', 'in_b[14]', 'in_b[10]', 'in_b[8]', 'in_b[7]', 'in_b[5]', 'in_b[3]', 'in_b[2]'.
Warning: In design 'fp16_to_fp32_16_1', the same net is connected to more than one pin on submodule 'u_output_reg'. (LINT-33)
   Net '*Logic0*' is connected to pins 'in_data[12]', 'in_data[11]'', 'in_data[10]', 'in_data[9]', 'in_data[8]', 'in_data[7]', 'in_data[6]', 'in_data[5]', 'in_data[4]', 'in_data[3]', 'in_data[2]', 'in_data[1]', 'in_data[0]'.
1
